C:/Users/hungmb/STM32CubeIDE/workspace_1.19.0/Tetris.zip_expanded/Tetris/Core/Src/main.c:821:6:StartMusicTask	2
C:/Users/hungmb/STM32CubeIDE/workspace_1.19.0/Tetris.zip_expanded/Tetris/Core/Src/main.c:1104:13:SPI5_Write	1
C:/Users/hungmb/STM32CubeIDE/workspace_1.19.0/Tetris.zip_expanded/Tetris/Core/Src/main.c:1216:6:StartDefaultTask	12
C:/Users/hungmb/STM32CubeIDE/workspace_1.19.0/Tetris.zip_expanded/Tetris/Core/Src/main.c:339:6:SystemClock_Config	1
C:/Users/hungmb/STM32CubeIDE/workspace_1.19.0/Tetris.zip_expanded/Tetris/Core/Src/main.c:236:5:main	1
C:/Users/hungmb/STM32CubeIDE/workspace_1.19.0/Tetris.zip_expanded/Tetris/Core/Src/main.c:808:6:Play_SFX_Tone	2
C:/Users/hungmb/STM32CubeIDE/workspace_1.19.0/Tetris.zip_expanded/Tetris/Core/Src/main.c:848:6:StartSFXTask	7
C:/Users/hungmb/STM32CubeIDE/workspace_1.19.0/Tetris.zip_expanded/Tetris/Core/Src/main.c:880:10:GetHardwareRandom	2
C:/Users/hungmb/STM32CubeIDE/workspace_1.19.0/Tetris.zip_expanded/Tetris/Core/Src/main.c:948:6:IOE_Init	1
C:/Users/hungmb/STM32CubeIDE/workspace_1.19.0/Tetris.zip_expanded/Tetris/Core/Src/main.c:957:6:IOE_ITConfig	1
C:/Users/hungmb/STM32CubeIDE/workspace_1.19.0/Tetris.zip_expanded/Tetris/Core/Src/main.c:969:6:IOE_Write	1
C:/Users/hungmb/STM32CubeIDE/workspace_1.19.0/Tetris.zip_expanded/Tetris/Core/Src/main.c:980:9:IOE_Read	1
C:/Users/hungmb/STM32CubeIDE/workspace_1.19.0/Tetris.zip_expanded/Tetris/Core/Src/main.c:993:10:IOE_ReadMultiple	1
C:/Users/hungmb/STM32CubeIDE/workspace_1.19.0/Tetris.zip_expanded/Tetris/Core/Src/main.c:1002:6:IOE_Delay	1
C:/Users/hungmb/STM32CubeIDE/workspace_1.19.0/Tetris.zip_expanded/Tetris/Core/Src/main.c:1130:6:LCD_IO_Init	1
C:/Users/hungmb/STM32CubeIDE/workspace_1.19.0/Tetris.zip_expanded/Tetris/Core/Src/main.c:1140:6:LCD_IO_WriteData	1
C:/Users/hungmb/STM32CubeIDE/workspace_1.19.0/Tetris.zip_expanded/Tetris/Core/Src/main.c:1156:6:LCD_IO_WriteReg	1
C:/Users/hungmb/STM32CubeIDE/workspace_1.19.0/Tetris.zip_expanded/Tetris/Core/Src/main.c:1175:10:LCD_IO_ReadData	1
C:/Users/hungmb/STM32CubeIDE/workspace_1.19.0/Tetris.zip_expanded/Tetris/Core/Src/main.c:1202:6:LCD_Delay	1
C:/Users/hungmb/STM32CubeIDE/workspace_1.19.0/Tetris.zip_expanded/Tetris/Core/Src/main.c:1271:6:HAL_TIM_PeriodElapsedCallback	2
C:/Users/hungmb/STM32CubeIDE/workspace_1.19.0/Tetris.zip_expanded/Tetris/Core/Src/main.c:1288:6:Error_Handler	1
